
Allocating common symbols
Common symbol       size              file

filequeue           0x140             kernel/main.o
idt_ptr             0x6               kernel/global.o
dirs                0x258             kernel/main.o
inode_table         0xb00             kernel/global.o
task_stack          0x24000           kernel/global.o
k_reenter           0x4               kernel/global.o
gdt                 0x400             kernel/global.o
current_console     0x4               kernel/global.o
pcaller             0x4               kernel/global.o
tty_table           0x1090            kernel/global.o
tss                 0x68              kernel/global.o
fs_msg              0x30              kernel/global.o
f_desc_table        0x300             kernel/global.o
dirqueue            0x140             kernel/main.o
root_inode          0x4               kernel/global.o
disp_pos            0x4               kernel/global.o
files               0x3c0             kernel/main.o
key_pressed         0x4               kernel/global.o
gdt_ptr             0x6               kernel/global.o
idt                 0x800             kernel/global.o
super_block         0x1e0             kernel/global.o
PARTITION_ENTRY     0x10              kernel/hd.o
ticks               0x4               kernel/global.o
console_table       0x50              kernel/global.o
irq_table           0x40              kernel/global.o
p_proc_ready        0x4               kernel/global.o
proc_table          0xb44             kernel/global.o

Discarded input sections

 .group         0x0000000000000000        0x8 kernel/start.o
 .note.GNU-stack
                0x0000000000000000        0x0 kernel/start.o
 .group         0x0000000000000000        0x8 kernel/main.o
 .group         0x0000000000000000        0x8 kernel/main.o
 .group         0x0000000000000000        0x8 kernel/main.o
 .text.__x86.get_pc_thunk.bx
                0x0000000000000000        0x4 kernel/main.o
 .note.GNU-stack
                0x0000000000000000        0x0 kernel/main.o
 .group         0x0000000000000000        0x8 kernel/clock.o
 .text.__x86.get_pc_thunk.bx
                0x0000000000000000        0x4 kernel/clock.o
 .note.GNU-stack
                0x0000000000000000        0x0 kernel/clock.o
 .group         0x0000000000000000        0x8 kernel/keyboard.o
 .text.__x86.get_pc_thunk.bx
                0x0000000000000000        0x4 kernel/keyboard.o
 .note.GNU-stack
                0x0000000000000000        0x0 kernel/keyboard.o
 .group         0x0000000000000000        0x8 kernel/tty.o
 .group         0x0000000000000000        0x8 kernel/tty.o
 .text.__x86.get_pc_thunk.ax
                0x0000000000000000        0x4 kernel/tty.o
 .text.__x86.get_pc_thunk.bx
                0x0000000000000000        0x4 kernel/tty.o
 .note.GNU-stack
                0x0000000000000000        0x0 kernel/tty.o
 .group         0x0000000000000000        0x8 kernel/console.o
 .group         0x0000000000000000        0x8 kernel/console.o
 .group         0x0000000000000000        0x8 kernel/console.o
 .group         0x0000000000000000        0x8 kernel/console.o
 .text.__x86.get_pc_thunk.ax
                0x0000000000000000        0x4 kernel/console.o
 .text.__x86.get_pc_thunk.cx
                0x0000000000000000        0x4 kernel/console.o
 .text.__x86.get_pc_thunk.bx
                0x0000000000000000        0x4 kernel/console.o
 .note.GNU-stack
                0x0000000000000000        0x0 kernel/console.o
 .group         0x0000000000000000        0x8 kernel/i8259.o
 .text.__x86.get_pc_thunk.bx
                0x0000000000000000        0x4 kernel/i8259.o
 .note.GNU-stack
                0x0000000000000000        0x0 kernel/i8259.o
 .note.GNU-stack
                0x0000000000000000        0x0 kernel/global.o
 .group         0x0000000000000000        0x8 kernel/protect.o
 .group         0x0000000000000000        0x8 kernel/protect.o
 .text.__x86.get_pc_thunk.ax
                0x0000000000000000        0x4 kernel/protect.o
 .text.__x86.get_pc_thunk.bx
                0x0000000000000000        0x4 kernel/protect.o
 .note.GNU-stack
                0x0000000000000000        0x0 kernel/protect.o
 .group         0x0000000000000000        0x8 kernel/proc.o
 .group         0x0000000000000000        0x8 kernel/proc.o
 .group         0x0000000000000000        0x8 kernel/proc.o
 .text.__x86.get_pc_thunk.ax
                0x0000000000000000        0x4 kernel/proc.o
 .text.__x86.get_pc_thunk.dx
                0x0000000000000000        0x4 kernel/proc.o
 .text.__x86.get_pc_thunk.bx
                0x0000000000000000        0x4 kernel/proc.o
 .note.GNU-stack
                0x0000000000000000        0x0 kernel/proc.o
 .group         0x0000000000000000        0x8 kernel/systask.o
 .text.__x86.get_pc_thunk.bx
                0x0000000000000000        0x4 kernel/systask.o
 .note.GNU-stack
                0x0000000000000000        0x0 kernel/systask.o
 .group         0x0000000000000000        0x8 kernel/hd.o
 .group         0x0000000000000000        0x8 kernel/hd.o
 .text.__x86.get_pc_thunk.ax
                0x0000000000000000        0x4 kernel/hd.o
 .text.__x86.get_pc_thunk.bx
                0x0000000000000000        0x4 kernel/hd.o
 .note.GNU-stack
                0x0000000000000000        0x0 kernel/hd.o
 .group         0x0000000000000000        0x8 lib/printf.o
 .text.__x86.get_pc_thunk.bx
                0x0000000000000000        0x4 lib/printf.o
 .note.GNU-stack
                0x0000000000000000        0x0 lib/printf.o
 .group         0x0000000000000000        0x8 lib/vsprintf.o
 .group         0x0000000000000000        0x8 lib/vsprintf.o
 .text.__x86.get_pc_thunk.ax
                0x0000000000000000        0x4 lib/vsprintf.o
 .text.__x86.get_pc_thunk.bx
                0x0000000000000000        0x4 lib/vsprintf.o
 .note.GNU-stack
                0x0000000000000000        0x0 lib/vsprintf.o
 .group         0x0000000000000000        0x8 lib/klib.o
 .group         0x0000000000000000        0x8 lib/klib.o
 .text.__x86.get_pc_thunk.ax
                0x0000000000000000        0x4 lib/klib.o
 .text.__x86.get_pc_thunk.bx
                0x0000000000000000        0x4 lib/klib.o
 .note.GNU-stack
                0x0000000000000000        0x0 lib/klib.o
 .group         0x0000000000000000        0x8 lib/misc.o
 .group         0x0000000000000000        0x8 lib/misc.o
 .text.__x86.get_pc_thunk.ax
                0x0000000000000000        0x4 lib/misc.o
 .text.__x86.get_pc_thunk.bx
                0x0000000000000000        0x4 lib/misc.o
 .note.GNU-stack
                0x0000000000000000        0x0 lib/misc.o
 .group         0x0000000000000000        0x8 lib/open.o
 .text.__x86.get_pc_thunk.bx
                0x0000000000000000        0x4 lib/open.o
 .note.GNU-stack
                0x0000000000000000        0x0 lib/open.o
 .group         0x0000000000000000        0x8 lib/read.o
 .text.__x86.get_pc_thunk.ax
                0x0000000000000000        0x4 lib/read.o
 .note.GNU-stack
                0x0000000000000000        0x0 lib/read.o
 .group         0x0000000000000000        0x8 lib/write.o
 .text.__x86.get_pc_thunk.ax
                0x0000000000000000        0x4 lib/write.o
 .note.GNU-stack
                0x0000000000000000        0x0 lib/write.o
 .group         0x0000000000000000        0x8 lib/close.o
 .text.__x86.get_pc_thunk.ax
                0x0000000000000000        0x4 lib/close.o
 .note.GNU-stack
                0x0000000000000000        0x0 lib/close.o
 .group         0x0000000000000000        0x8 lib/unlink.o
 .text.__x86.get_pc_thunk.bx
                0x0000000000000000        0x4 lib/unlink.o
 .note.GNU-stack
                0x0000000000000000        0x0 lib/unlink.o
 .group         0x0000000000000000        0x8 lib/getpid.o
 .text.__x86.get_pc_thunk.bx
                0x0000000000000000        0x4 lib/getpid.o
 .note.GNU-stack
                0x0000000000000000        0x0 lib/getpid.o
 .group         0x0000000000000000        0x8 lib/syslog.o
 .text.__x86.get_pc_thunk.bx
                0x0000000000000000        0x4 lib/syslog.o
 .note.GNU-stack
                0x0000000000000000        0x0 lib/syslog.o
 .group         0x0000000000000000        0x8 fs/main.o
 .group         0x0000000000000000        0x8 fs/main.o
 .text.__x86.get_pc_thunk.ax
                0x0000000000000000        0x4 fs/main.o
 .text.__x86.get_pc_thunk.bx
                0x0000000000000000        0x4 fs/main.o
 .note.GNU-stack
                0x0000000000000000        0x0 fs/main.o
 .group         0x0000000000000000        0x8 fs/open.o
 .group         0x0000000000000000        0x8 fs/open.o
 .text.__x86.get_pc_thunk.ax
                0x0000000000000000        0x4 fs/open.o
 .text.__x86.get_pc_thunk.bx
                0x0000000000000000        0x4 fs/open.o
 .note.GNU-stack
                0x0000000000000000        0x0 fs/open.o
 .group         0x0000000000000000        0x8 fs/misc.o
 .group         0x0000000000000000        0x8 fs/misc.o
 .text.__x86.get_pc_thunk.cx
                0x0000000000000000        0x4 fs/misc.o
 .text.__x86.get_pc_thunk.bx
                0x0000000000000000        0x4 fs/misc.o
 .note.GNU-stack
                0x0000000000000000        0x0 fs/misc.o
 .group         0x0000000000000000        0x8 fs/read_write.o
 .text.__x86.get_pc_thunk.bx
                0x0000000000000000        0x4 fs/read_write.o
 .note.GNU-stack
                0x0000000000000000        0x0 fs/read_write.o
 .group         0x0000000000000000        0x8 fs/link.o
 .text.__x86.get_pc_thunk.bx
                0x0000000000000000        0x4 fs/link.o
 .note.GNU-stack
                0x0000000000000000        0x0 fs/link.o
 .group         0x0000000000000000        0x8 fs/disklog.o
 .text.__x86.get_pc_thunk.bx
                0x0000000000000000        0x4 fs/disklog.o
 .note.GNU-stack
                0x0000000000000000        0x0 fs/disklog.o

Memory Configuration

Name             Origin             Length             Attributes
*default*        0x0000000000000000 0xffffffffffffffff

Linker script and memory map

Address of section .text set to 0x1000
LOAD kernel/kernel.o
LOAD lib/syscall.o
LOAD kernel/start.o
LOAD kernel/main.o
LOAD kernel/clock.o
LOAD kernel/keyboard.o
LOAD kernel/tty.o
LOAD kernel/console.o
LOAD kernel/i8259.o
LOAD kernel/global.o
LOAD kernel/protect.o
LOAD kernel/proc.o
LOAD kernel/systask.o
LOAD kernel/hd.o
LOAD lib/printf.o
LOAD lib/vsprintf.o
LOAD lib/kliba.o
LOAD lib/klib.o
LOAD lib/string.o
LOAD lib/misc.o
LOAD lib/open.o
LOAD lib/read.o
LOAD lib/write.o
LOAD lib/close.o
LOAD lib/unlink.o
LOAD lib/getpid.o
LOAD lib/syslog.o
LOAD fs/main.o
LOAD fs/open.o
LOAD fs/misc.o
LOAD fs/read_write.o
LOAD fs/link.o
LOAD fs/disklog.o
                [!provide]                        PROVIDE (__executable_start = SEGMENT_START ("text-segment", 0x8048000))
                0x0000000008048094                . = (SEGMENT_START ("text-segment", 0x8048000) + SIZEOF_HEADERS)

.interp
 *(.interp)

.note.gnu.build-id
 *(.note.gnu.build-id)

.hash
 *(.hash)

.gnu.hash
 *(.gnu.hash)

.dynsym
 *(.dynsym)

.dynstr
 *(.dynstr)

.gnu.version
 *(.gnu.version)

.gnu.version_d
 *(.gnu.version_d)

.gnu.version_r
 *(.gnu.version_r)

.rel.dyn        0x0000000008048094        0x0
 *(.rel.init)
 *(.rel.text .rel.text.* .rel.gnu.linkonce.t.*)
 .rel.text      0x0000000008048094        0x0 kernel/kernel.o
 *(.rel.fini)
 *(.rel.rodata .rel.rodata.* .rel.gnu.linkonce.r.*)
 *(.rel.data.rel.ro .rel.data.rel.ro.* .rel.gnu.linkonce.d.rel.ro.*)
 *(.rel.data .rel.data.* .rel.gnu.linkonce.d.*)
 *(.rel.tdata .rel.tdata.* .rel.gnu.linkonce.td.*)
 *(.rel.tbss .rel.tbss.* .rel.gnu.linkonce.tb.*)
 *(.rel.ctors)
 *(.rel.dtors)
 *(.rel.got)
 .rel.got       0x0000000008048094        0x0 kernel/kernel.o
 *(.rel.bss .rel.bss.* .rel.gnu.linkonce.b.*)
 *(.rel.ifunc)

.rel.plt        0x0000000008048094        0x0
 *(.rel.plt)
                [!provide]                        PROVIDE (__rel_iplt_start = .)
 *(.rel.iplt)
 .rel.iplt      0x0000000008048094        0x0 kernel/kernel.o
                [!provide]                        PROVIDE (__rel_iplt_end = .)

.init
 *(SORT_NONE(.init))

.plt            0x0000000008048098        0x0
 *(.plt)
 *(.iplt)
 .iplt          0x0000000008048098        0x0 kernel/kernel.o

.plt.got
 *(.plt.got)

.plt.sec
 *(.plt.sec)

.text           0x0000000000001000     0xe512
 *(.text.unlikely .text.*_unlikely .text.unlikely.*)
 *(.text.exit .text.exit.*)
 *(.text.startup .text.startup.*)
 *(.text.hot .text.hot.*)
 *(.text .stub .text.* .gnu.linkonce.t.*)
 .text          0x0000000000001000      0x410 kernel/kernel.o
                0x0000000000001000                _start
                0x0000000000001040                hwint00
                0x0000000000001070                hwint01
                0x00000000000010a0                hwint02
                0x00000000000010d0                hwint03
                0x0000000000001100                hwint04
                0x0000000000001130                hwint05
                0x0000000000001160                hwint06
                0x0000000000001190                hwint07
                0x00000000000011c0                hwint08
                0x00000000000011f0                hwint09
                0x0000000000001220                hwint10
                0x0000000000001250                hwint11
                0x0000000000001280                hwint12
                0x00000000000012b0                hwint13
                0x00000000000012e0                hwint14
                0x0000000000001310                hwint15
                0x0000000000001334                divide_error
                0x000000000000133a                single_step_exception
                0x0000000000001340                nmi
                0x0000000000001346                breakpoint_exception
                0x000000000000134c                overflow
                0x0000000000001352                bounds_check
                0x0000000000001358                inval_opcode
                0x000000000000135e                copr_not_available
                0x0000000000001364                double_fault
                0x0000000000001368                copr_seg_overrun
                0x000000000000136e                inval_tss
                0x0000000000001372                segment_not_present
                0x0000000000001376                stack_exception
                0x000000000000137a                general_protection
                0x000000000000137e                page_fault
                0x0000000000001382                copr_error
                0x00000000000013cb                sys_call
                0x00000000000013eb                restart
 .text          0x0000000000001410       0x28 lib/syscall.o
                0x0000000000001410                sendrec
                0x000000000000142a                printx
 .text          0x0000000000001438       0xc3 kernel/start.o
                0x0000000000001438                cstart
 .text.__x86.get_pc_thunk.bx
                0x00000000000014fb        0x4 kernel/start.o
                0x00000000000014fb                __x86.get_pc_thunk.bx
 .text          0x00000000000014ff     0x4200 kernel/main.o
                0x00000000000014ff                kernel_main
                0x00000000000017ec                get_ticks
                0x000000000000182f                shift_srand
                0x0000000000001848                shift_rand
                0x000000000000189a                chartoint
                0x00000000000018fd                GuessNumber
                0x0000000000001b3d                Caculator
                0x0000000000001d5e                win
                0x0000000000001ddd                draw_map
                0x0000000000001f29                push
                0x00000000000026fc                push_act
                0x0000000000002871                PickSticks
                0x0000000000002cfe                mine_rand
                0x0000000000002d32                print_mapshow
                0x0000000000002dac                print_mine
                0x0000000000002e29                mine_weeper
                0x00000000000032e1                Appchoose
                0x00000000000034b7                TestA
                0x0000000000004026                TestB
                0x000000000000405d                TestC
                0x0000000000004094                panic
                0x00000000000040ee                ClearWithHelp
                0x0000000000004110                WelcomeLoad
                0x00000000000042eb                output
                0x000000000000446b                clear
                0x00000000000044f3                help
                0x0000000000004661                information
                0x00000000000046e5                sleep
                0x000000000000471a                initFS
                0x00000000000047d3                isDir
                0x0000000000004808                getFilepath
                0x0000000000004834                getDirFilepath
                0x0000000000004874                getDirpathAndFilename
                0x000000000000497a                getFreeFilePos
                0x00000000000049d8                getFreeDirPos
                0x0000000000004a36                getPosInDirQueue
                0x0000000000004a98                addFileIntoDir
                0x0000000000004b3e                deleteFileFromDir
                0x0000000000004cab                createFile
                0x0000000000004dc2                createDir
                0x0000000000004ede                readFile
                0x000000000000501e                editCover
                0x00000000000050f1                editAppand
                0x0000000000005203                deleteFile
                0x0000000000005311                deleteDir
                0x000000000000555a                ls
                0x00000000000055ed                cd
                0x0000000000005684                cdback
 .text.__x86.get_pc_thunk.ax
                0x00000000000056ff        0x4 kernel/main.o
                0x00000000000056ff                __x86.get_pc_thunk.ax
 .text.__x86.get_pc_thunk.cx
                0x0000000000005703        0x4 kernel/main.o
                0x0000000000005703                __x86.get_pc_thunk.cx
 .text          0x0000000000005707      0x1e6 kernel/clock.o
                0x0000000000005707                clock_handler
                0x000000000000583a                milli_delay
                0x0000000000005884                init_clock
 .text          0x00000000000058ed      0x7a7 kernel/keyboard.o
                0x00000000000058ed                keyboard_handler
                0x0000000000005972                init_keyboard
                0x0000000000005a3c                keyboard_read
 .text          0x0000000000006094      0xac7 kernel/tty.o
                0x0000000000006094                task_tty
                0x000000000000627f                in_process
                0x00000000000067fd                sys_printx
                0x00000000000069c5                dump_tty_buf
 .text          0x0000000000006b5b      0x882 kernel/console.o
                0x0000000000006b5b                init_screen
                0x0000000000006ce3                out_char
                0x0000000000006fa1                clear_screen
                0x0000000000006fe5                is_current_console
                0x0000000000007018                set_cursor
                0x000000000000708f                set_video_start_addr
                0x0000000000007106                select_console
                0x0000000000007159                scroll_screen
                0x0000000000007354                flush
 .text.__x86.get_pc_thunk.dx
                0x00000000000073dd        0x4 kernel/console.o
                0x00000000000073dd                __x86.get_pc_thunk.dx
 .text          0x00000000000073e1      0x167 kernel/i8259.o
                0x00000000000073e1                init_8259A
                0x00000000000074c9                spurious_irq
                0x0000000000007513                put_irq_handler
 .text          0x0000000000007548        0x0 kernel/global.o
 .text          0x0000000000007548      0x6c7 kernel/protect.o
                0x0000000000007548                init_prot
                0x00000000000079e5                seg2phys
                0x0000000000007ab8                exception_handler
 .text          0x0000000000007c0f     0x1aab kernel/proc.o
                0x0000000000007c0f                schedule
                0x0000000000007cc9                sys_sendrec
                0x0000000000007e10                send_recv
                0x0000000000007ee2                ldt_seg_linear
                0x0000000000007f36                va2la
                0x0000000000007faf                reset_msg
                0x000000000000901b                inform_int
                0x00000000000091e2                dump_proc
                0x0000000000009589                dump_msg
 .text          0x00000000000096ba       0x96 kernel/systask.o
                0x00000000000096ba                task_sys
 .text          0x0000000000009750      0xf9e kernel/hd.o
                0x0000000000009750                task_hd
                0x000000000000a6b3                hd_handler
 .text          0x000000000000a6ee       0xd1 lib/printf.o
                0x000000000000a6ee                printf
                0x000000000000a76e                printl
 .text          0x000000000000a7bf      0x330 lib/vsprintf.o
                0x000000000000a82f                vsprintf
                0x000000000000aabf                sprintf
 *fill*         0x000000000000aaef        0x1 
 .text          0x000000000000aaf0      0x19a lib/kliba.o
                0x000000000000aaf0                disp_str
                0x000000000000ab2e                disp_color_str
                0x000000000000ab6d                out_byte
                0x000000000000ab79                in_byte
                0x000000000000ab83                port_read
                0x000000000000ab96                port_write
                0x000000000000aba9                disable_irq
                0x000000000000abde                enable_irq
                0x000000000000abfd                disable_int
                0x000000000000abff                enable_int
                0x000000000000ac01                glitter
 .text          0x000000000000ac8a      0x200 lib/klib.o
                0x000000000000ac8a                itoa
                0x000000000000ad3f                atoi
                0x000000000000ae03                disp_int
                0x000000000000ae39                delay
 *fill*         0x000000000000ae8a        0x6 
 .text          0x000000000000ae90       0x78 lib/string.o
                0x000000000000ae90                memcpy
                0x000000000000aeb9                memset
                0x000000000000aeda                strcpy
                0x000000000000aef2                strlen
 .text          0x000000000000af08      0x258 lib/misc.o
                0x000000000000af08                memcmp
                0x000000000000af88                strcmp
                0x000000000000b005                strjin
                0x000000000000b081                strcat
                0x000000000000b0ea                spin
                0x000000000000b114                assertion_failure
 .text          0x000000000000b160       0x78 lib/open.o
                0x000000000000b160                open
 .text          0x000000000000b1d8       0x47 lib/read.o
                0x000000000000b1d8                read
 .text          0x000000000000b21f       0x47 lib/write.o
                0x000000000000b21f                write
 .text          0x000000000000b266       0x3b lib/close.o
                0x000000000000b266                close
 .text          0x000000000000b2a1       0x4b lib/unlink.o
                0x000000000000b2a1                unlink
 .text          0x000000000000b2ec       0x5b lib/getpid.o
                0x000000000000b2ec                getpid
 .text          0x000000000000b347       0xe8 lib/syslog.o
                0x000000000000b347                syslog
 .text          0x000000000000b42f      0xf09 fs/main.o
                0x000000000000b42f                task_fs
                0x000000000000bd98                rw_sector
                0x000000000000bfed                get_super_block
                0x000000000000c04f                get_inode
                0x000000000000c1d1                put_inode
                0x000000000000c225                sync_inode
 .text          0x000000000000c338      0xbbf fs/open.o
                0x000000000000c338                do_open
                0x000000000000c806                do_close
                0x000000000000c87e                do_lseek
 .text          0x000000000000cef7      0x206 fs/misc.o
                0x000000000000cef7                search_file
                0x000000000000d060                strip_path
 .text          0x000000000000d0fd      0x54e fs/read_write.o
                0x000000000000d0fd                do_rdwt
 .text          0x000000000000d64b      0x88d fs/link.o
                0x000000000000d64b                do_unlink
 .text          0x000000000000ded8     0x163a fs/disklog.o
                0x000000000000ded8                do_disklog
                0x000000000000df92                disklog
                0x000000000000e4cd                dump_fd_graph
 *(.gnu.warning)

.fini
 *(SORT_NONE(.fini))
                [!provide]                        PROVIDE (__etext = .)
                [!provide]                        PROVIDE (_etext = .)
                [!provide]                        PROVIDE (etext = .)

.rodata         0x000000000000f520     0x38f7
 *(.rodata .rodata.* .gnu.linkonce.r.*)
 .rodata        0x000000000000f520       0x47 kernel/start.o
 *fill*         0x000000000000f567        0x1 
 .rodata        0x000000000000f568     0x1beb kernel/main.o
 *fill*         0x0000000000011153        0x1 
 .rodata        0x0000000000011154       0x64 kernel/keyboard.o
 .rodata        0x00000000000111b8      0x13c kernel/tty.o
 .rodata        0x00000000000112f4       0x5b kernel/console.o
 .rodata        0x000000000001134f       0x11 kernel/i8259.o
 .rodata        0x0000000000011360        0x4 kernel/global.o
                0x0000000000011360                FSBUF_SIZE
 *fill*         0x0000000000011364       0x1c 
 .rodata        0x0000000000011380      0x540 kernel/protect.o
 .rodata        0x00000000000118c0      0x62e kernel/proc.o
 .rodata        0x0000000000011eee       0x11 kernel/systask.o
 *fill*         0x0000000000011eff        0x1 
 .rodata        0x0000000000011f00      0x1ba kernel/hd.o
 .rodata        0x00000000000120ba       0x14 lib/printf.o
 *fill*         0x00000000000120ce        0x2 
 .rodata        0x00000000000120d0       0x61 lib/misc.o
 .rodata        0x0000000000012131       0x23 lib/open.o
 .rodata        0x0000000000012154       0x25 lib/getpid.o
 .rodata        0x0000000000012179       0x32 lib/syslog.o
 *fill*         0x00000000000121ab        0x1 
 .rodata        0x00000000000121ac      0x206 fs/main.o
 *fill*         0x00000000000123b2        0x2 
 .rodata        0x00000000000123b4      0x138 fs/open.o
 .rodata        0x00000000000124ec      0x164 fs/read_write.o
 .rodata        0x0000000000012650      0x19d fs/link.o
 *fill*         0x00000000000127ed        0x3 
 .rodata        0x00000000000127f0      0x627 fs/disklog.o

.rodata1
 *(.rodata1)

.eh_frame_hdr
 *(.eh_frame_hdr)
 *(.eh_frame_entry .eh_frame_entry.*)

.eh_frame       0x0000000000012e18     0x1764
 *(.eh_frame)
 .eh_frame      0x0000000000012e18       0x50 kernel/start.o
 .eh_frame      0x0000000000012e68      0x6bc kernel/main.o
                                        0x6e8 (size before relaxing)
 .eh_frame      0x0000000000013524       0x6c kernel/clock.o
                                         0x98 (size before relaxing)
 .eh_frame      0x0000000000013590       0xfc kernel/keyboard.o
                                        0x128 (size before relaxing)
 .eh_frame      0x000000000001368c      0x15c kernel/tty.o
                                        0x19c (size before relaxing)
 .eh_frame      0x00000000000137e8      0x16c kernel/console.o
                                        0x1c0 (size before relaxing)
 .eh_frame      0x0000000000013954       0x6c kernel/i8259.o
                                         0x98 (size before relaxing)
 .eh_frame      0x00000000000139c0       0xb8 kernel/protect.o
                                         0xf8 (size before relaxing)
 .eh_frame      0x0000000000013a78      0x20c kernel/proc.o
                                        0x260 (size before relaxing)
 .eh_frame      0x0000000000013c84       0x1c kernel/systask.o
                                         0x48 (size before relaxing)
 .eh_frame      0x0000000000013ca0      0x22c kernel/hd.o
                                        0x26c (size before relaxing)
 .eh_frame      0x0000000000013ecc       0x48 lib/printf.o
                                         0x74 (size before relaxing)
 .eh_frame      0x0000000000013f14       0x68 lib/vsprintf.o
                                         0xa8 (size before relaxing)
 .eh_frame      0x0000000000013f7c       0x84 lib/klib.o
                                         0xc4 (size before relaxing)
 .eh_frame      0x0000000000014000       0xc0 lib/misc.o
                                        0x100 (size before relaxing)
 .eh_frame      0x00000000000140c0       0x24 lib/open.o
                                         0x50 (size before relaxing)
 .eh_frame      0x00000000000140e4       0x24 lib/read.o
                                         0x50 (size before relaxing)
 .eh_frame      0x0000000000014108       0x24 lib/write.o
                                         0x50 (size before relaxing)
 .eh_frame      0x000000000001412c       0x24 lib/close.o
                                         0x50 (size before relaxing)
 .eh_frame      0x0000000000014150       0x24 lib/unlink.o
                                         0x50 (size before relaxing)
 .eh_frame      0x0000000000014174       0x24 lib/getpid.o
                                         0x50 (size before relaxing)
 .eh_frame      0x0000000000014198       0x24 lib/syslog.o
                                         0x50 (size before relaxing)
 .eh_frame      0x00000000000141bc      0x150 fs/main.o
                                        0x190 (size before relaxing)
 .eh_frame      0x000000000001430c      0x13c fs/open.o
                                        0x17c (size before relaxing)
 .eh_frame      0x0000000000014448       0x50 fs/misc.o
                                         0x90 (size before relaxing)
 .eh_frame      0x0000000000014498       0x30 fs/read_write.o
                                         0x5c (size before relaxing)
 .eh_frame      0x00000000000144c8       0x30 fs/link.o
                                         0x5c (size before relaxing)
 .eh_frame      0x00000000000144f8       0x84 fs/disklog.o
                                         0xb0 (size before relaxing)
 *(.eh_frame.*)

.gcc_except_table
 *(.gcc_except_table .gcc_except_table.*)

.gnu_extab
 *(.gnu_extab*)

.exception_ranges
 *(.exception_ranges .exception_ranges*)
                0x0000000000016000                . = DATA_SEGMENT_ALIGN (CONSTANT (MAXPAGESIZE), CONSTANT (COMMONPAGESIZE))

.eh_frame
 *(.eh_frame)
 *(.eh_frame.*)

.gnu_extab
 *(.gnu_extab)

.gcc_except_table
 *(.gcc_except_table .gcc_except_table.*)

.exception_ranges
 *(.exception_ranges .exception_ranges*)

.tdata
 *(.tdata .tdata.* .gnu.linkonce.td.*)

.tbss
 *(.tbss .tbss.* .gnu.linkonce.tb.*)
 *(.tcommon)

.preinit_array  0x0000000000016000        0x0
                [!provide]                        PROVIDE (__preinit_array_start = .)
 *(.preinit_array)
                [!provide]                        PROVIDE (__preinit_array_end = .)

.init_array     0x0000000000016000        0x0
                [!provide]                        PROVIDE (__init_array_start = .)
 *(SORT_BY_INIT_PRIORITY(.init_array.*) SORT_BY_INIT_PRIORITY(.ctors.*))
 *(.init_array EXCLUDE_FILE(*crtend?.o *crtend.o *crtbegin?.o *crtbegin.o) .ctors)
                [!provide]                        PROVIDE (__init_array_end = .)

.fini_array     0x0000000000016000        0x0
                [!provide]                        PROVIDE (__fini_array_start = .)
 *(SORT_BY_INIT_PRIORITY(.fini_array.*) SORT_BY_INIT_PRIORITY(.dtors.*))
 *(.fini_array EXCLUDE_FILE(*crtend?.o *crtend.o *crtbegin?.o *crtbegin.o) .dtors)
                [!provide]                        PROVIDE (__fini_array_end = .)

.ctors
 *crtbegin.o(.ctors)
 *crtbegin?.o(.ctors)
 *(EXCLUDE_FILE(*crtend?.o *crtend.o) .ctors)
 *(SORT_BY_NAME(.ctors.*))
 *(.ctors)

.dtors
 *crtbegin.o(.dtors)
 *crtbegin?.o(.dtors)
 *(EXCLUDE_FILE(*crtend?.o *crtend.o) .dtors)
 *(SORT_BY_NAME(.dtors.*))
 *(.dtors)

.jcr
 *(.jcr)

.data.rel.ro
 *(.data.rel.ro.local* .gnu.linkonce.d.rel.ro.local.*)
 *(.data.rel.ro .data.rel.ro.* .gnu.linkonce.d.rel.ro.*)

.dynamic
 *(.dynamic)

.got            0x0000000000016000        0x0
 *(.got)
 .got           0x0000000000016000        0x0 kernel/kernel.o
 *(.igot)
                0x0000000000016ff4                . = DATA_SEGMENT_RELRO_END (., (SIZEOF (.got.plt) >= 0xc)?0xc:0x0)

.got.plt        0x0000000000016000        0xc
 *(.got.plt)
 .got.plt       0x0000000000016000        0xc kernel/kernel.o
                0x0000000000016000                _GLOBAL_OFFSET_TABLE_
 *(.igot.plt)
 .igot.plt      0x000000000001600c        0x0 kernel/kernel.o

.data           0x0000000000016020      0x964
 *(.data .data.* .gnu.linkonce.d.*)
 .data          0x0000000000016020        0x2 kernel/kernel.o
 .data          0x0000000000016022        0x0 kernel/start.o
 *fill*         0x0000000000016022       0x1e 
 .data          0x0000000000016040      0x1d0 kernel/main.o
                0x0000000000016040                location
                0x000000000001604c                seed
                0x0000000000016060                map
 .data          0x0000000000016210        0x0 kernel/clock.o
 *fill*         0x0000000000016210       0x10 
 .data          0x0000000000016220      0x600 kernel/keyboard.o
                0x0000000000016220                keymap
 .data          0x0000000000016820       0x22 kernel/tty.o
 .data          0x0000000000016842        0x0 kernel/console.o
 .data          0x0000000000016842        0x0 kernel/i8259.o
 *fill*         0x0000000000016842        0x2 
 .data          0x0000000000016844       0x1c kernel/global.o
                0x0000000000016844                dd_map
                0x000000000001685c                fsbuf
 .data.rel      0x0000000000016860      0x124 kernel/global.o
                0x0000000000016860                task_table
                0x0000000000016900                user_proc_table
                0x0000000000016978                sys_call_table
 .data          0x0000000000016984        0x0 kernel/protect.o
 .data          0x0000000000016984        0x0 kernel/proc.o
 .data          0x0000000000016984        0x0 kernel/systask.o
 .data          0x0000000000016984        0x0 kernel/hd.o
 .data          0x0000000000016984        0x0 lib/printf.o
 .data          0x0000000000016984        0x0 lib/vsprintf.o
 .data          0x0000000000016984        0x0 lib/klib.o
 .data          0x0000000000016984        0x0 lib/misc.o
 .data          0x0000000000016984        0x0 lib/open.o
 .data          0x0000000000016984        0x0 lib/read.o
 .data          0x0000000000016984        0x0 lib/write.o
 .data          0x0000000000016984        0x0 lib/close.o
 .data          0x0000000000016984        0x0 lib/unlink.o
 .data          0x0000000000016984        0x0 lib/getpid.o
 .data          0x0000000000016984        0x0 lib/syslog.o
 .data          0x0000000000016984        0x0 fs/main.o
 .data          0x0000000000016984        0x0 fs/open.o
 .data          0x0000000000016984        0x0 fs/misc.o
 .data          0x0000000000016984        0x0 fs/read_write.o
 .data          0x0000000000016984        0x0 fs/link.o
 .data          0x0000000000016984        0x0 fs/disklog.o

.data1
 *(.data1)
                0x0000000000016984                _edata = .
                [!provide]                        PROVIDE (edata = .)
                0x0000000000016984                . = .
                0x0000000000016984                __bss_start = .

.bss            0x00000000000169a0    0x29394
 *(.dynbss)
 *(.bss .bss.* .gnu.linkonce.b.*)
 .bss           0x00000000000169a0      0x800 kernel/kernel.o
 .bss           0x00000000000171a0        0x0 kernel/start.o
 .bss           0x00000000000171a0        0xc kernel/main.o
                0x00000000000171a0                filecount
                0x00000000000171a4                dircount
                0x00000000000171a8                selectShowProcess
 .bss           0x00000000000171ac        0x0 kernel/clock.o
 *fill*         0x00000000000171ac       0x14 
 .bss           0x00000000000171c0       0x58 kernel/keyboard.o
 .bss           0x0000000000017218        0x0 kernel/tty.o
 .bss           0x0000000000017218        0x0 kernel/console.o
 .bss           0x0000000000017218        0x0 kernel/i8259.o
 .bss           0x0000000000017218        0x0 kernel/global.o
 .bss           0x0000000000017218        0x0 kernel/protect.o
 .bss           0x0000000000017218        0x0 kernel/proc.o
 .bss           0x0000000000017218        0x0 kernel/systask.o
 *fill*         0x0000000000017218        0x8 
 .bss           0x0000000000017220      0x64c kernel/hd.o
 .bss           0x000000000001786c        0x0 lib/printf.o
 .bss           0x000000000001786c        0x0 lib/vsprintf.o
 .bss           0x000000000001786c        0x0 lib/klib.o
 .bss           0x000000000001786c        0x0 lib/misc.o
 .bss           0x000000000001786c        0x0 lib/open.o
 .bss           0x000000000001786c        0x0 lib/read.o
 .bss           0x000000000001786c        0x0 lib/write.o
 .bss           0x000000000001786c        0x0 lib/close.o
 .bss           0x000000000001786c        0x0 lib/unlink.o
 .bss           0x000000000001786c        0x0 lib/getpid.o
 .bss           0x000000000001786c        0x0 lib/syslog.o
 .bss           0x000000000001786c        0x0 fs/main.o
 .bss           0x000000000001786c        0x0 fs/open.o
 .bss           0x000000000001786c        0x0 fs/misc.o
 .bss           0x000000000001786c        0x0 fs/read_write.o
 .bss           0x000000000001786c        0x0 fs/link.o
 *fill*         0x000000000001786c       0x14 
 .bss           0x0000000000017880      0x208 fs/disklog.o
 *(COMMON)
 *fill*         0x0000000000017a88       0x18 
 COMMON         0x0000000000017aa0      0x8a0 kernel/main.o
                0x0000000000017aa0                filequeue
                0x0000000000017be0                dirs
                0x0000000000017e40                dirqueue
                0x0000000000017f80                files
 COMMON         0x0000000000018340    0x279e4 kernel/global.o
                0x0000000000018340                idt_ptr
                0x0000000000018360                inode_table
                0x0000000000018e60                task_stack
                0x000000000003ce60                k_reenter
                0x000000000003ce80                gdt
                0x000000000003d280                current_console
                0x000000000003d284                pcaller
                0x000000000003d2a0                tty_table
                0x000000000003e340                tss
                0x000000000003e3c0                fs_msg
                0x000000000003e400                f_desc_table
                0x000000000003e700                root_inode
                0x000000000003e704                disp_pos
                0x000000000003e708                key_pressed
                0x000000000003e70c                gdt_ptr
                0x000000000003e720                idt
                0x000000000003ef20                super_block
                0x000000000003f100                ticks
                0x000000000003f120                console_table
                0x000000000003f180                irq_table
                0x000000000003f1c0                p_proc_ready
                0x000000000003f1e0                proc_table
 COMMON         0x000000000003fd24       0x10 kernel/hd.o
                0x000000000003fd24                PARTITION_ENTRY
                0x000000000003fd34                . = ALIGN ((. != 0x0)?0x4:0x1)
                0x000000000003fd34                . = ALIGN (0x4)
                0x000000000003fd34                . = SEGMENT_START ("ldata-segment", .)
                0x000000000003fd34                . = ALIGN (0x4)
                0x000000000003fd34                _end = .
                [!provide]                        PROVIDE (end = .)
                0x000000000003fd34                . = DATA_SEGMENT_END (.)

.stab
 *(.stab)

.stabstr
 *(.stabstr)

.stab.excl
 *(.stab.excl)

.stab.exclstr
 *(.stab.exclstr)

.stab.index
 *(.stab.index)

.stab.indexstr
 *(.stab.indexstr)

.comment        0x0000000000000000       0x24
 *(.comment)
 .comment       0x0000000000000000       0x24 kernel/start.o
                                         0x25 (size before relaxing)
 .comment       0x0000000000000024       0x25 kernel/main.o
 .comment       0x0000000000000024       0x25 kernel/clock.o
 .comment       0x0000000000000024       0x25 kernel/keyboard.o
 .comment       0x0000000000000024       0x25 kernel/tty.o
 .comment       0x0000000000000024       0x25 kernel/console.o
 .comment       0x0000000000000024       0x25 kernel/i8259.o
 .comment       0x0000000000000024       0x25 kernel/global.o
 .comment       0x0000000000000024       0x25 kernel/protect.o
 .comment       0x0000000000000024       0x25 kernel/proc.o
 .comment       0x0000000000000024       0x25 kernel/systask.o
 .comment       0x0000000000000024       0x25 kernel/hd.o
 .comment       0x0000000000000024       0x25 lib/printf.o
 .comment       0x0000000000000024       0x25 lib/vsprintf.o
 .comment       0x0000000000000024       0x25 lib/klib.o
 .comment       0x0000000000000024       0x25 lib/misc.o
 .comment       0x0000000000000024       0x25 lib/open.o
 .comment       0x0000000000000024       0x25 lib/read.o
 .comment       0x0000000000000024       0x25 lib/write.o
 .comment       0x0000000000000024       0x25 lib/close.o
 .comment       0x0000000000000024       0x25 lib/unlink.o
 .comment       0x0000000000000024       0x25 lib/getpid.o
 .comment       0x0000000000000024       0x25 lib/syslog.o
 .comment       0x0000000000000024       0x25 fs/main.o
 .comment       0x0000000000000024       0x25 fs/open.o
 .comment       0x0000000000000024       0x25 fs/misc.o
 .comment       0x0000000000000024       0x25 fs/read_write.o
 .comment       0x0000000000000024       0x25 fs/link.o
 .comment       0x0000000000000024       0x25 fs/disklog.o

.debug
 *(.debug)

.line
 *(.line)

.debug_srcinfo
 *(.debug_srcinfo)

.debug_sfnames
 *(.debug_sfnames)

.debug_aranges
 *(.debug_aranges)

.debug_pubnames
 *(.debug_pubnames)

.debug_info
 *(.debug_info .gnu.linkonce.wi.*)

.debug_abbrev
 *(.debug_abbrev)

.debug_line
 *(.debug_line .debug_line.* .debug_line_end)

.debug_frame
 *(.debug_frame)

.debug_str
 *(.debug_str)

.debug_loc
 *(.debug_loc)

.debug_macinfo
 *(.debug_macinfo)

.debug_weaknames
 *(.debug_weaknames)

.debug_funcnames
 *(.debug_funcnames)

.debug_typenames
 *(.debug_typenames)

.debug_varnames
 *(.debug_varnames)

.debug_pubtypes
 *(.debug_pubtypes)

.debug_ranges
 *(.debug_ranges)

.debug_macro
 *(.debug_macro)

.debug_addr
 *(.debug_addr)

.gnu.attributes
 *(.gnu.attributes)

/DISCARD/
 *(.note.GNU-stack)
 *(.gnu_debuglink)
 *(.gnu.lto_*)
OUTPUT(kernel.bin elf32-i386)
